// Jest Snapshot v1, https://goo.gl/fbAQLP

exports[`API test cases Get all work fields 1`] = `
Object {
  "data": Object {
    "work": Object {
      "creators": Array [
        Object {
          "name": "karl ove knausgård",
          "type": "aut",
        },
      ],
      "description": "Selvbiografisk roman",
      "fullTitle": "Min kamp : roman. 1. bog",
      "manifestations": Array [
        Object {
          "creators": Array [
            Object {
              "functionCode": "aut",
              "functionSingular": "forfatter",
              "name": "Kim Fupz Ꜳkeson",
            },
            Object {
              "functionCode": "dkind",
              "functionSingular": "indlæser",
              "name": "Peter Frödin",
            },
          ],
          "datePublished": "2012",
          "language": Array [
            "Dansk",
          ],
          "materialType": "Bog",
          "physicalDescription": "1 cd i 1 mappe (67 min.)",
        },
        Object {
          "creators": Array [
            Object {
              "functionCode": "aut",
              "functionSingular": "forfatter",
              "name": "Kim Fupz Ꜳkeson",
            },
            Object {
              "functionCode": "dkind",
              "functionSingular": "indlæser",
              "name": "Peter Frödin",
            },
          ],
          "datePublished": "2012",
          "language": Array [
            "Dansk",
          ],
          "materialType": "Bog",
          "physicalDescription": "1 cd i 1 mappe (67 min.)",
        },
        Object {
          "creators": Array [
            Object {
              "functionCode": "aut",
              "functionSingular": "forfatter",
              "name": "Kim Fupz Ꜳkeson",
            },
            Object {
              "functionCode": "dkind",
              "functionSingular": "indlæser",
              "name": "Peter Frödin",
            },
          ],
          "datePublished": "2012",
          "language": Array [
            "Dansk",
          ],
          "materialType": "Bog",
          "physicalDescription": "1 cd i 1 mappe (67 min.)",
        },
        Object {
          "creators": Array [
            Object {
              "functionCode": "aut",
              "functionSingular": "forfatter",
              "name": "Kim Fupz Ꜳkeson",
            },
            Object {
              "functionCode": "dkind",
              "functionSingular": "indlæser",
              "name": "Peter Frödin",
            },
          ],
          "datePublished": "2012",
          "language": Array [
            "Dansk",
          ],
          "materialType": "Ebog",
          "physicalDescription": "1 cd i 1 mappe (67 min.)",
        },
      ],
      "materialTypes": Array [
        Object {
          "creators": Array [
            Object {
              "functionCode": "aut",
              "functionSingular": "forfatter",
              "name": "Kim Fupz Ꜳkeson",
            },
            Object {
              "functionCode": "dkind",
              "functionSingular": "indlæser",
              "name": "Peter Frödin",
            },
          ],
          "datePublished": "2012",
          "language": Array [
            "Dansk",
          ],
          "materialType": "Bog",
          "physicalDescription": "1 cd i 1 mappe (67 min.)",
        },
        Object {
          "creators": Array [
            Object {
              "functionCode": "aut",
              "functionSingular": "forfatter",
              "name": "Kim Fupz Ꜳkeson",
            },
            Object {
              "functionCode": "dkind",
              "functionSingular": "indlæser",
              "name": "Peter Frödin",
            },
          ],
          "datePublished": "2012",
          "language": Array [
            "Dansk",
          ],
          "materialType": "Ebog",
          "physicalDescription": "1 cd i 1 mappe (67 min.)",
        },
      ],
      "path": Array [
        "Bøger",
        "Fiktion",
        "skønlitteratur",
        "roman",
      ],
      "subjects": Array [
        Object {
          "type": "dcterms:LCSH",
          "value": "krimi",
        },
        Object {
          "type": "genre",
          "value": "krimi",
        },
        Object {
          "type": null,
          "value": "småbørnsbog",
        },
      ],
      "title": "min kamp",
    },
  },
}
`;
