// Jest Snapshot v1, https://goo.gl/fbAQLP

exports[`localizations - get for a number of pids 1`] = `
Object {
  "data": Object {
    "work": Object {
      "materialTypes": Array [
        Object {
          "localizations": Object {
            "agencies": Array [
              Object {
                "agencyId": "800022",
                "holdingItems": Array [
                  Object {
                    "codes": "",
                    "localIdentifier": "99121992748605763",
                    "localizationPid": "870971-avis:34591016",
                  },
                ],
              },
            ],
            "count": 1,
          },
        },
        Object {
          "localizations": Object {
            "agencies": Array [
              Object {
                "agencyId": "800022",
                "holdingItems": Array [
                  Object {
                    "codes": "",
                    "localIdentifier": "99121992748605763",
                    "localizationPid": "870971-avis:34591016",
                  },
                ],
              },
            ],
            "count": 1,
          },
        },
      ],
    },
  },
}
`;
